
 Start  Stop   Length Name               Class

 00000H 02BA3H 02BA4H _TEXT              CODE
 02BA4H 02F3EH 0039BH EX1L_TEXT          CODE
 02F40H 02FD4H 00095H IX86L_A_TEXT       CODE
 02FD5H 03100H 0012CH IX86L_C_TEXT       CODE
 03101H 04526H 01426H UCOS_TEXT          CODE
 04530H 06CA6H 02777H EMU_PROG           CODE
 06CB0H 07277H 005C8H E87_PROG           CODE
 07280H 07280H 00000H _FARDATA           FAR_DATA
 07280H 07280H 00000H _FARBSS            FAR_BSS
 07280H 07280H 00000H _OVERLAY_          OVRINFO
 07280H 07280H 00000H _1STUB_            STUBSEG
 07280H 078B7H 00638H _DATA              DATA
 078B8H 078BBH 00004H _CVTSEG            DATA
 078BCH 078C1H 00006H _SCNSEG            DATA
 078C2H 078C2H 00000H _CONST             CONST
 078C2H 078D3H 00012H _INIT_             INITDATA
 078D4H 078D4H 00000H _INITEND_          INITDATA
 078D4H 078D9H 00006H _EXIT_             EXITDATA
 078DAH 078DAH 00000H _EXITEND_          EXITDATA
 078DAH 144B9H 0CBE0H _BSS               BSS
 144BAH 144BAH 00000H _BSSEND            BSSEND
 144C0H 145CFH 00110H _STACK             STACK


Detailed map of segments

 0000:0000 0295 C=CODE   S=_TEXT          G=(none)  M=c0.ASM     ACBP=28
 0000:0295 0258 C=CODE   S=_TEXT          G=(none)  M=FPINIT     ACBP=28
 0000:04ED 0000 C=CODE   S=_TEXT          G=(none)  M=E87TRAP    ACBP=28
 0000:04ED 0000 C=CODE   S=_TEXT          G=(none)  M=PROTFLAG   ACBP=28
 0000:04ED 0000 C=CODE   S=_TEXT          G=(none)  M=DEFLT87    ACBP=28
 0000:04ED 01BD C=CODE   S=_TEXT          G=(none)  M=REALCVT    ACBP=28
 0000:06AA 020C C=CODE   S=_TEXT          G=(none)  M=XCVT       ACBP=28
 0000:08B6 00B1 C=CODE   S=_TEXT          G=(none)  M=FPERR      ACBP=28
 0000:0967 00C9 C=CODE   S=_TEXT          G=(none)  M=_POW10     ACBP=28
 0000:0A30 000B C=CODE   S=_TEXT          G=(none)  M=POW10D     ACBP=28
 0000:0A3B 002D C=CODE   S=_TEXT          G=(none)  M=ATEXIT     ACBP=28
 0000:0A68 0093 C=CODE   S=_TEXT          G=(none)  M=EXIT       ACBP=28
 0000:0AFB 0000 C=CODE   S=_TEXT          G=(none)  M=FILES      ACBP=28
 0000:0AFB 0000 C=CODE   S=_TEXT          G=(none)  M=FILES2     ACBP=28
 0000:0AFB 0000 C=CODE   S=_TEXT          G=(none)  M=FPSTKLEN   ACBP=28
 0000:0AFB 0017 C=CODE   S=_TEXT          G=(none)  M=F_LXMUL    ACBP=28
 0000:0B12 0020 C=CODE   S=_TEXT          G=(none)  M=GETVECT    ACBP=28
 0000:0B32 00AE C=CODE   S=_TEXT          G=(none)  M=H_LDIV     ACBP=28
 0000:0BE0 0021 C=CODE   S=_TEXT          G=(none)  M=H_LLSH     ACBP=28
 0000:0C01 0060 C=CODE   S=_TEXT          G=(none)  M=H_PADD     ACBP=28
 0000:0C61 004B C=CODE   S=_TEXT          G=(none)  M=IOERROR    ACBP=28
 0000:0CAC 0011 C=CODE   S=_TEXT          G=(none)  M=ISATTY     ACBP=28
 0000:0CBD 00A2 C=CODE   S=_TEXT          G=(none)  M=LONGTOA    ACBP=28
 0000:0D5F 0029 C=CODE   S=_TEXT          G=(none)  M=LSEEK      ACBP=28
 0000:0D88 0017 C=CODE   S=_TEXT          G=(none)  M=N_LXMUL    ACBP=28
 0000:0D9F 0021 C=CODE   S=_TEXT          G=(none)  M=N_PCMP     ACBP=28
 0000:0DC0 0037 C=CODE   S=_TEXT          G=(none)  M=RAND       ACBP=28
 0000:0DF7 00BA C=CODE   S=_TEXT          G=(none)  M=SETUPIO    ACBP=28
 0000:0EB1 0000 C=CODE   S=_TEXT          G=(none)  M=SIGDATA    ACBP=28
 0000:0EB1 0000 C=CODE   S=_TEXT          G=(none)  M=STKLEN     ACBP=28
 0000:0EB1 04DB C=CODE   S=_TEXT          G=(none)  M=VPRINTER   ACBP=28
 0000:138C 009F C=CODE   S=_TEXT          G=(none)  M=VRAM       ACBP=28
 0000:142B 0029 C=CODE   S=_TEXT          G=(none)  M=CLRSCR     ACBP=28
 0000:1454 01A5 C=CODE   S=_TEXT          G=(none)  M=CRTINIT    ACBP=28
 0000:15F9 001F C=CODE   S=_TEXT          G=(none)  M=CVTFAK     ACBP=28
 0000:1618 0432 C=CODE   S=_TEXT          G=(none)  M=FARHEAP    ACBP=28
 0000:1A4A 0140 C=CODE   S=_TEXT          G=(none)  M=FBRK       ACBP=28
 0000:1B8A 0049 C=CODE   S=_TEXT          G=(none)  M=GOTOXY     ACBP=28
 0000:1BD3 00AC C=CODE   S=_TEXT          G=(none)  M=GPTEXT     ACBP=28
 0000:1C7F 0012 C=CODE   S=_TEXT          G=(none)  M=KBHIT      ACBP=28
 0000:1C91 009D C=CODE   S=_TEXT          G=(none)  M=MOVETEXT   ACBP=28
 0000:1D2E 0004 C=CODE   S=_TEXT          G=(none)  M=REALCVT    ACBP=28
 0000:1D32 01C7 C=CODE   S=_TEXT          G=(none)  M=SCREEN     ACBP=28
 0000:1EF9 018E C=CODE   S=_TEXT          G=(none)  M=SCROLL     ACBP=28
 0000:2087 001C C=CODE   S=_TEXT          G=(none)  M=SETBLOCK   ACBP=28
 0000:20A3 002C C=CODE   S=_TEXT          G=(none)  M=WHEREXY    ACBP=28
 0000:20CF 00CD C=CODE   S=_TEXT          G=(none)  M=FFLUSH     ACBP=28
 0000:219C 0042 C=CODE   S=_TEXT          G=(none)  M=FLUSHALL   ACBP=28
 0000:21DE 001C C=CODE   S=_TEXT          G=(none)  M=FPRINTF    ACBP=28
 0000:21FA 01E2 C=CODE   S=_TEXT          G=(none)  M=FSEEK      ACBP=28
 0000:23DC 0024 C=CODE   S=_TEXT          G=(none)  M=MEMCPY     ACBP=28
 0000:2400 03C8 C=CODE   S=_TEXT          G=(none)  M=PUTC       ACBP=28
 0000:27C8 0058 C=CODE   S=_TEXT          G=(none)  M=PUTS       ACBP=28
 0000:2820 011D C=CODE   S=_TEXT          G=(none)  M=SETVBUF    ACBP=28
 0000:293D 0083 C=CODE   S=_TEXT          G=(none)  M=SPRINTF    ACBP=28
 0000:29C0 001F C=CODE   S=_TEXT          G=(none)  M=STRLEN     ACBP=28
 0000:29DF 0151 C=CODE   S=_TEXT          G=(none)  M=WRITE      ACBP=28
 0000:2B30 003C C=CODE   S=_TEXT          G=(none)  M=WRITEA     ACBP=28
 0000:2B6C 0038 C=CODE   S=_TEXT          G=(none)  M=XFFLUSH    ACBP=28
 02BA:0004 039B C=CODE   S=EX1L_TEXT      G=(none)  M=EX1L.C     ACBP=28
 02F4:0000 0095 C=CODE   S=IX86L_A_TEXT   G=(none)  M=..\IX86L\IX86L_A.ASM ACBP=48
 02FD:0005 012C C=CODE   S=IX86L_C_TEXT   G=(none)  M=..\IX86L\IX86L_C.C ACBP=28
 0310:0001 1426 C=CODE   S=UCOS_TEXT      G=(none)  M=..\SOURCE\UCOS.C ACBP=28
 0453:0000 0000 C=CODE   S=EMU_PROG       G=(none)  M=FPINIT     ACBP=68
 0453:0000 2777 C=CODE   S=EMU_PROG       G=(none)  M=EMU086     ACBP=68
 06CB:0000 0000 C=CODE   S=E87_PROG       G=(none)  M=FPINIT     ACBP=68
 06CB:0000 03E3 C=CODE   S=E87_PROG       G=(none)  M=EMU087     ACBP=68
 06CB:03F0 01D8 C=CODE   S=E87_PROG       G=(none)  M=E87TRAP    ACBP=68
 0728:0000 0000 C=FAR_DATA S=_FARDATA       G=(none)  M=c0.ASM     ACBP=68
 0728:0000 0000 C=FAR_BSS S=_FARBSS        G=(none)  M=c0.ASM     ACBP=68
 0728:0000 0000 C=OVRINFO S=_OVERLAY_      G=(none)  M=c0.ASM     ACBP=68
 0728:0000 0000 C=STUBSEG S=_1STUB_        G=(none)  M=c0.ASM     ACBP=68
 0728:0000 0093 C=DATA   S=_DATA          G=DGROUP  M=c0.ASM     ACBP=68
 0728:0094 0084 C=DATA   S=_DATA          G=DGROUP  M=EX1L.C     ACBP=48
 0728:0118 0000 C=DATA   S=_DATA          G=DGROUP  M=..\IX86L\IX86L_A.ASM ACBP=48
 0728:0118 0000 C=DATA   S=_DATA          G=DGROUP  M=..\IX86L\IX86L_C.C ACBP=48
 0728:0118 0108 C=DATA   S=_DATA          G=DGROUP  M=..\SOURCE\UCOS.C ACBP=48
 0728:0220 0002 C=DATA   S=_DATA          G=DGROUP  M=FPINIT     ACBP=68
 0728:0230 0000 C=DATA   S=_DATA          G=DGROUP  M=E87TRAP    ACBP=68
 0728:0230 0003 C=DATA   S=_DATA          G=DGROUP  M=PROTFLAG   ACBP=48
 0728:0234 0002 C=DATA   S=_DATA          G=DGROUP  M=DEFLT87    ACBP=48
 0728:0236 0000 C=DATA   S=_DATA          G=DGROUP  M=REALCVT    ACBP=48
 0728:0236 0000 C=DATA   S=_DATA          G=DGROUP  M=XCVT       ACBP=48
 0728:0236 009A C=DATA   S=_DATA          G=DGROUP  M=FPERR      ACBP=48
 0728:02D0 0080 C=DATA   S=_DATA          G=DGROUP  M=_POW10     ACBP=48
 0728:0350 0000 C=DATA   S=_DATA          G=DGROUP  M=POW10D     ACBP=48
 0728:0350 0002 C=DATA   S=_DATA          G=DGROUP  M=ATEXIT     ACBP=48
 0728:0352 000C C=DATA   S=_DATA          G=DGROUP  M=EXIT       ACBP=48
 0728:035E 0190 C=DATA   S=_DATA          G=DGROUP  M=FILES      ACBP=48
 0728:04EE 002A C=DATA   S=_DATA          G=DGROUP  M=FILES2     ACBP=48
 0728:0518 0002 C=DATA   S=_DATA          G=DGROUP  M=FPSTKLEN   ACBP=48
 0728:051A 0000 C=DATA   S=_DATA          G=DGROUP  M=F_LXMUL    ACBP=48
 0728:051A 0000 C=DATA   S=_DATA          G=DGROUP  M=GETVECT    ACBP=48
 0728:051A 0000 C=DATA   S=_DATA          G=DGROUP  M=H_LDIV     ACBP=48
 0728:051A 0000 C=DATA   S=_DATA          G=DGROUP  M=H_LLSH     ACBP=48
 0728:051A 0000 C=DATA   S=_DATA          G=DGROUP  M=H_PADD     ACBP=48
 0728:051A 005B C=DATA   S=_DATA          G=DGROUP  M=IOERROR    ACBP=48
 0728:0576 0000 C=DATA   S=_DATA          G=DGROUP  M=ISATTY     ACBP=48
 0728:0576 0000 C=DATA   S=_DATA          G=DGROUP  M=LONGTOA    ACBP=48
 0728:0576 0000 C=DATA   S=_DATA          G=DGROUP  M=LSEEK      ACBP=48
 0728:0576 0000 C=DATA   S=_DATA          G=DGROUP  M=N_LXMUL    ACBP=48
 0728:0576 0000 C=DATA   S=_DATA          G=DGROUP  M=N_PCMP     ACBP=48
 0728:0576 0004 C=DATA   S=_DATA          G=DGROUP  M=RAND       ACBP=48
 0728:057A 0000 C=DATA   S=_DATA          G=DGROUP  M=SETUPIO    ACBP=48
 0728:057A 0000 C=DATA   S=_DATA          G=DGROUP  M=SIGDATA    ACBP=48
 0728:057A 0002 C=DATA   S=_DATA          G=DGROUP  M=STKLEN     ACBP=48
 0728:057C 0067 C=DATA   S=_DATA          G=DGROUP  M=VPRINTER   ACBP=48
 0728:05E4 0000 C=DATA   S=_DATA          G=DGROUP  M=VRAM       ACBP=48
 0728:05E4 0000 C=DATA   S=_DATA          G=DGROUP  M=CLRSCR     ACBP=48
 0728:05E4 0018 C=DATA   S=_DATA          G=DGROUP  M=CRTINIT    ACBP=48
 0728:05FC 0031 C=DATA   S=_DATA          G=DGROUP  M=CVTFAK     ACBP=48
 0728:062E 0000 C=DATA   S=_DATA          G=DGROUP  M=FARHEAP    ACBP=48
 0728:062E 0002 C=DATA   S=_DATA          G=DGROUP  M=FBRK       ACBP=48
 0728:0630 0000 C=DATA   S=_DATA          G=DGROUP  M=GOTOXY     ACBP=48
 0728:0630 0000 C=DATA   S=_DATA          G=DGROUP  M=GPTEXT     ACBP=48
 0728:0630 0002 C=DATA   S=_DATA          G=DGROUP  M=KBHIT      ACBP=48
 0728:0632 0000 C=DATA   S=_DATA          G=DGROUP  M=MOVETEXT   ACBP=48
 0728:0632 0000 C=DATA   S=_DATA          G=DGROUP  M=REALCVT    ACBP=48
 0728:0632 0000 C=DATA   S=_DATA          G=DGROUP  M=SCREEN     ACBP=48
 0728:0632 0000 C=DATA   S=_DATA          G=DGROUP  M=SCROLL     ACBP=48
 0728:0632 0000 C=DATA   S=_DATA          G=DGROUP  M=SETBLOCK   ACBP=48
 0728:0632 0000 C=DATA   S=_DATA          G=DGROUP  M=WHEREXY    ACBP=48
 0728:0632 0000 C=DATA   S=_DATA          G=DGROUP  M=FFLUSH     ACBP=48
 0728:0632 0000 C=DATA   S=_DATA          G=DGROUP  M=FLUSHALL   ACBP=48
 0728:0632 0000 C=DATA   S=_DATA          G=DGROUP  M=FPRINTF    ACBP=48
 0728:0632 0000 C=DATA   S=_DATA          G=DGROUP  M=FSEEK      ACBP=48
 0728:0632 0000 C=DATA   S=_DATA          G=DGROUP  M=MEMCPY     ACBP=48
 0728:0632 0001 C=DATA   S=_DATA          G=DGROUP  M=PUTC       ACBP=48
 0728:0634 0000 C=DATA   S=_DATA          G=DGROUP  M=PUTS       ACBP=48
 0728:0634 0004 C=DATA   S=_DATA          G=DGROUP  M=SETVBUF    ACBP=48
 0728:0638 0000 C=DATA   S=_DATA          G=DGROUP  M=SPRINTF    ACBP=48
 0728:0638 0000 C=DATA   S=_DATA          G=DGROUP  M=STRLEN     ACBP=48
 0728:0638 0000 C=DATA   S=_DATA          G=DGROUP  M=WRITE      ACBP=48
 0728:0638 0000 C=DATA   S=_DATA          G=DGROUP  M=WRITEA     ACBP=48
 0728:0638 0000 C=DATA   S=_DATA          G=DGROUP  M=XFFLUSH    ACBP=48
 0728:0638 0000 C=DATA   S=_CVTSEG        G=DGROUP  M=c0.ASM     ACBP=48
 0728:0638 0002 C=DATA   S=_CVTSEG        G=DGROUP  M=REALCVT    ACBP=48
 0728:063A 0002 C=DATA   S=_CVTSEG        G=DGROUP  M=CVTFAK     ACBP=48
 0728:063C 0000 C=DATA   S=_CVTSEG        G=DGROUP  M=REALCVT    ACBP=48
 0728:063C 0000 C=DATA   S=_SCNSEG        G=DGROUP  M=c0.ASM     ACBP=48
 0728:063C 0006 C=DATA   S=_SCNSEG        G=DGROUP  M=CVTFAK     ACBP=48
 0728:0642 0000 C=CONST  S=_CONST         G=DGROUP  M=c0.ASM     ACBP=48
 0728:0642 0000 C=INITDATA S=_INIT_         G=DGROUP  M=c0.ASM     ACBP=48
 0728:0642 0006 C=INITDATA S=_INIT_         G=DGROUP  M=FPINIT     ACBP=48
 0728:0648 0006 C=INITDATA S=_INIT_         G=DGROUP  M=SETUPIO    ACBP=48
 0728:064E 0006 C=INITDATA S=_INIT_         G=DGROUP  M=CRTINIT    ACBP=48
 0728:0654 0000 C=INITDATA S=_INITEND_      G=DGROUP  M=c0.ASM     ACBP=28
 0728:0654 0000 C=EXITDATA S=_EXIT_         G=DGROUP  M=c0.ASM     ACBP=48
 0728:0654 0006 C=EXITDATA S=_EXIT_         G=DGROUP  M=FPINIT     ACBP=48
 0728:065A 0000 C=EXITDATA S=_EXITEND_      G=DGROUP  M=c0.ASM     ACBP=28
 0728:065A 0000 C=BSS    S=_BSS           G=DGROUP  M=c0.ASM     ACBP=48
 0728:065A BD4F C=BSS    S=_BSS           G=DGROUP  M=EX1L.C     ACBP=48
 0728:C3AA 0000 C=BSS    S=_BSS           G=DGROUP  M=..\IX86L\IX86L_C.C ACBP=48
 0728:C3AA 0E09 C=BSS    S=_BSS           G=DGROUP  M=..\SOURCE\UCOS.C ACBP=48
 0728:D1B4 0000 C=BSS    S=_BSS           G=DGROUP  M=REALCVT    ACBP=48
 0728:D1B4 0000 C=BSS    S=_BSS           G=DGROUP  M=XCVT       ACBP=48
 0728:D1B4 0000 C=BSS    S=_BSS           G=DGROUP  M=_POW10     ACBP=48
 0728:D1B4 0080 C=BSS    S=_BSS           G=DGROUP  M=ATEXIT     ACBP=48
 0728:D234 0000 C=BSS    S=_BSS           G=DGROUP  M=GETVECT    ACBP=48
 0728:D234 0000 C=BSS    S=_BSS           G=DGROUP  M=IOERROR    ACBP=48
 0728:D234 0000 C=BSS    S=_BSS           G=DGROUP  M=ISATTY     ACBP=48
 0728:D234 0000 C=BSS    S=_BSS           G=DGROUP  M=LONGTOA    ACBP=48
 0728:D234 0000 C=BSS    S=_BSS           G=DGROUP  M=LSEEK      ACBP=48
 0728:D234 0000 C=BSS    S=_BSS           G=DGROUP  M=SETUPIO    ACBP=48
 0728:D234 0004 C=BSS    S=_BSS           G=DGROUP  M=SIGDATA    ACBP=48
 0728:D238 0000 C=BSS    S=_BSS           G=DGROUP  M=VPRINTER   ACBP=48
 0728:D238 0000 C=BSS    S=_BSS           G=DGROUP  M=VRAM       ACBP=48
 0728:D238 0000 C=BSS    S=_BSS           G=DGROUP  M=CRTINIT    ACBP=48
 0728:D238 0000 C=BSS    S=_BSS           G=DGROUP  M=KBHIT      ACBP=48
 0728:D238 0000 C=BSS    S=_BSS           G=DGROUP  M=SETBLOCK   ACBP=48
 0728:D238 0000 C=BSS    S=_BSS           G=DGROUP  M=MEMCPY     ACBP=48
 0728:D238 0001 C=BSS    S=_BSS           G=DGROUP  M=PUTC       ACBP=48
 0728:D23A 0000 C=BSS    S=_BSS           G=DGROUP  M=STRLEN     ACBP=48
 0728:D23A 0000 C=BSS    S=_BSS           G=DGROUP  M=WRITEA     ACBP=48
 0728:D23A 0000 C=BSSEND S=_BSSEND        G=DGROUP  M=c0.ASM     ACBP=28
 144C:0000 0110 C=STACK  S=_STACK         G=(none)  M=c0.ASM     ACBP=74
 144C:0000 0080 C=STACK  S=_STACK         G=(none)  M=EMUVARS    ACBP=78

  Address         Publics by Name

 0728:0000 idle  DATASEG@
 0000:0291 idle  DGROUP@
 0453:2152       e086_Entry
 0453:26E0       e086_Shortcut
 06CB:0306       e087_Entry
 06CB:03C6       e087_Shortcut
 06CB:0430       e087_Trap
 0000:FE32 idle  FIARQQ
 0000:0E32 idle  FICRQQ
 0000:5C32  Abs  FIDRQQ
 0000:1632  Abs  FIERQQ
 0000:0632 idle  FISRQQ
 0000:A23D  Abs  FIWRQQ
 0000:4000 idle  FJARQQ
 0000:C000 idle  FJCRQQ
 0000:8000 idle  FJSRQQ
 0000:0B35       F_LDIV@
 0000:0B44 idle  F_LMOD@
 0000:0B3C idle  F_LUDIV@
 0000:0B4C idle  F_LUMOD@
 0000:0BE3 idle  F_LXLSH@
 0000:0AFB       F_LXMUL@
 0000:0C04 idle  F_PADD@
 0000:0C33 idle  F_PSUB@
 0000:0B35 idle  LDIV@
 0000:0B44 idle  LMOD@
 0000:0B3C idle  LUDIV@
 0000:0B4C idle  LUMOD@
 0000:0BE3 idle  LXLSH@
 0000:0AFB idle  LXMUL@
 0000:0B32 idle  N_LDIV@
 0000:0B41 idle  N_LMOD@
 0000:0B39 idle  N_LUDIV@
 0000:0B49 idle  N_LUMOD@
 0000:0BE0       N_LXLSH@
 0000:0D88       N_LXMUL@
 0000:0C01       N_PADD@
 0000:0D9F       N_PCMP@
 0000:0C30 idle  N_PSUB@
 0000:0C04 idle  PADD@
 0000:0C33 idle  PSUB@
 0000:027A       _abort
 0000:0A3B idle  _atexit
 0000:142B       _clrscr
 0728:05F3       _directvideo
 02BA:02DF idle  _DispChar
 0728:0666 idle  _DispSem
 02BA:034C idle  _DispStr
 0728:007F       _errno
 0000:0AC0       _exit
 0000:1758 idle  _farfree
 0000:186C idle  _farmalloc
 0000:19D0 idle  _farrealloc
 0000:20CF       _fflush
 0000:219C       _flushall
 0000:21DE       _fprintf
 0000:241C       _fputc
 0000:25B1 idle  _fputchar
 0000:1758       _free
 0000:227C       _fseek
 0000:22FC idle  _ftell
 0000:1BD3       _gettext
 0000:0B12       _getvect
 0000:1B8A       _gotoxy
 0000:0CAC       _isatty
 0000:1C7F       _kbhit
 0000:0D5F       _lseek
 02BA:0004       _main
 0000:1862       _malloc
 0000:23DC       _memcpy
 0000:1C91       _movetext
 0728:065E idle  _OldBP
 0728:0660 idle  _OldSP
 0728:065A idle  _OldTickISR
 02F4:001B       _OSCtxSw
 0728:D1B1       _OSCtxSwCtr
 0728:D1AD       _OSIdleCtr
 0310:0001       _OSInit
 02F4:004B       _OSIntCtxSw
 0310:0388       _OSIntEnter
 0310:038F       _OSIntExit
 0728:D1AC idle  _OSIntNesting
 0728:0118 idle  _OSMapTbl
 0310:0CBA idle  _OSMboxAccept
 0310:0C3C idle  _OSMboxCreate
 0310:0CEB idle  _OSMboxPend
 0310:0E4F idle  _OSMboxPost
 0310:1087 idle  _OSQAccept
 0310:0F52 idle  _OSQCreate
 0310:1107 idle  _OSQPend
 0310:12D9 idle  _OSQPost
 0728:D1AB       _OSRunning
 0310:01C0       _OSSched
 0310:0222 idle  _OSSchedLock
 0310:0230 idle  _OSSchedUnlock
 0310:0A31 idle  _OSSemAccept
 0310:09B4       _OSSemCreate
 0310:0A49       _OSSemPend
 0310:0B57       _OSSemPost
 0310:0166       _OSStart
 02F4:0000       _OSStartHighRdy
 0310:03F2 idle  _OSTaskChangePrio
 02FD:0005       _OSTaskCreate
 0310:056F idle  _OSTaskDel
 0310:06F1 idle  _OSTaskDelReq
 0310:07EA idle  _OSTaskResume
 0310:0751 idle  _OSTaskSuspend
 0728:D1A7       _OSTCBCur
 0728:D1A3       _OSTCBHighRdy
 0310:0258       _OSTCBInit
 0728:D0A3       _OSTCBPrioTbl
 02F4:007B       _OSTickISR
 0310:0852       _OSTimeDly
 0310:0898 idle  _OSTimeDlyResume
 0310:0996 idle  _OSTimeGet
 0310:0982 idle  _OSTimeSet
 0310:08FE       _OSTimeTick
 0728:0120 idle  _OSUnMapTbl
 0000:0A30       _pow10
 0000:27C8       _puts
 0000:1C29       _puttext
 0000:0DD1       _rand
 0728:0662 idle  _RandomSem
 0000:19C9 idle  _realloc
 0000:2087       _setblock
 0000:2820       _setvbuf
 0000:0B21       _setvect
 0000:297D       _sprintf
 0000:0DC0 idle  _srand
 02BA:0085 idle  _Stat
 0728:066A idle  _StatData
 0728:06A9 idle  _StatStk
 0000:29C0       _strlen
 02BA:0246 idle  _Task
 0728:066B idle  _TaskData
 0728:09A9 idle  _TaskStk
 0000:299F idle  _vsprintf
 0000:20AD idle  _wherex
 0000:20BC idle  _wherey
 0728:0220 idle  __8087
 0000:1000 idle  __AHINCR
 0000:000C idle  __AHSHIFT
 0728:0350       __atexitcnt
 0728:D1B4       __atexittbl
 0000:1AC0       __brk
 0728:008B       __brklvl
 0728:006B idle  __C0argc
 0728:006D idle  __C0argv
 0000:151A idle  __c0crtinit
 0728:0071 idle  __C0environ
 0728:0631 idle  __cChar
 0000:0AE1 idle  __cexit
 0728:0630 idle  __cFlag
 0000:016A       __checknull
 0000:0157       __cleanup
 0000:1537 idle  __crtinit
 0000:0000  Abs  __cvtfak
 0000:0AEF idle  __c_exit
 0728:0234       __default87
 0728:051A idle  __doserrno
 0000:0C9A idle  __DOSERROR
 0728:051C idle  __dosErrorToSV
 144C:0000       __emu
 0728:0075 idle  __envLng
 0728:0077 idle  __envseg
 0728:0079 idle  __envSize
 0000:0ACF       __exit
 0728:0352       __exitbuf
 0728:0356 idle  __exitfopen
 0728:035A idle  __exitopen
 0000:08B6       __fperror
 0728:0518       __fpstklen
 0000:04E9       __fpuint
 0000:2400       __fputc
 0000:25C5       __FPUTN
 0728:0087       __heapbase
 0728:008F       __heaptop
 0728:005B idle  __Int0Vector
 0728:005F idle  __Int4Vector
 0728:0063 idle  __Int5Vector
 0728:0067 idle  __Int6Vector
 0000:0C61       __IOERROR
 0728:0231       __LDT
 0000:0CBD       __LONGTOA
 0000:0293 idle  __MMODEL
 0728:04EE       __nfile
 0728:04F0       __openfd
 0728:007D idle  __osmajor
 0728:007E idle  __osminor
 0728:007D idle  __osversion
 0000:0967       __POW10
 0728:0230       __protected
 0728:007B       __psp
 0000:1D2E       __REALCVT
 0728:0638       __RealCvtVector
 0000:01C0       __restorezero
 0000:1AFF       __sbrk
 0728:063C idle  __ScanTodVector
 0000:1E68       __SCREENIO
 0000:1F1B       __SCROLL
 0000:0DF7       __setupio
 0728:0081 idle  __StartTime
 0728:057A       __stklen
 0728:035E       __streams
 0000:016B       __terminate
 0000:0000 idle  __turboCrt
 0000:0000  Abs  __turboCvt
 0000:0D3F idle  __UTOA
 0000:1EA4       __VALIDATEXY
 0728:007D       __version
 0728:05E4       __video
 0000:148F       __VideoInt
 0000:0EC9       __VPRINTER
 0000:138C       __VPTR
 0000:13B1       __VRAM
 0000:20A3       __wherexy
 0000:2B30       __write
 0000:06AA       __XCVT
 0000:2B6C       __xfflush
 0728:0085 idle  ___brklvl
 0000:1618 idle  ___first
 0000:0402 idle  ___fpreset
 0000:161A idle  ___last
 0000:161C idle  ___rover
 0728:D234       ___SignalPtr
 0000:29DF       ___write

  Address         Publics by Value

 0000:0000  Abs  __turboCvt
 0000:0000 idle  __turboCrt
 0000:0000  Abs  __cvtfak
 0000:000C idle  __AHSHIFT
 0000:0157       __cleanup
 0000:016A       __checknull
 0000:016B       __terminate
 0000:01C0       __restorezero
 0000:027A       _abort
 0000:0291 idle  DGROUP@
 0000:0293 idle  __MMODEL
 0000:0402 idle  ___fpreset
 0000:04E9       __fpuint
 0000:0632 idle  FISRQQ
 0000:06AA       __XCVT
 0000:08B6       __fperror
 0000:0967       __POW10
 0000:0A30       _pow10
 0000:0A3B idle  _atexit
 0000:0AC0       _exit
 0000:0ACF       __exit
 0000:0AE1 idle  __cexit
 0000:0AEF idle  __c_exit
 0000:0AFB       F_LXMUL@
 0000:0AFB idle  LXMUL@
 0000:0B12       _getvect
 0000:0B21       _setvect
 0000:0B32 idle  N_LDIV@
 0000:0B35       F_LDIV@
 0000:0B35 idle  LDIV@
 0000:0B39 idle  N_LUDIV@
 0000:0B3C idle  F_LUDIV@
 0000:0B3C idle  LUDIV@
 0000:0B41 idle  N_LMOD@
 0000:0B44 idle  F_LMOD@
 0000:0B44 idle  LMOD@
 0000:0B49 idle  N_LUMOD@
 0000:0B4C idle  LUMOD@
 0000:0B4C idle  F_LUMOD@
 0000:0BE0       N_LXLSH@
 0000:0BE3 idle  LXLSH@
 0000:0BE3 idle  F_LXLSH@
 0000:0C01       N_PADD@
 0000:0C04 idle  F_PADD@
 0000:0C04 idle  PADD@
 0000:0C30 idle  N_PSUB@
 0000:0C33 idle  F_PSUB@
 0000:0C33 idle  PSUB@
 0000:0C61       __IOERROR
 0000:0C9A idle  __DOSERROR
 0000:0CAC       _isatty
 0000:0CBD       __LONGTOA
 0000:0D3F idle  __UTOA
 0000:0D5F       _lseek
 0000:0D88       N_LXMUL@
 0000:0D9F       N_PCMP@
 0000:0DC0 idle  _srand
 0000:0DD1       _rand
 0000:0DF7       __setupio
 0000:0E32 idle  FICRQQ
 0000:0EC9       __VPRINTER
 0000:1000 idle  __AHINCR
 0000:138C       __VPTR
 0000:13B1       __VRAM
 0000:142B       _clrscr
 0000:148F       __VideoInt
 0000:151A idle  __c0crtinit
 0000:1537 idle  __crtinit
 0000:1618 idle  ___first
 0000:161A idle  ___last
 0000:161C idle  ___rover
 0000:1632  Abs  FIERQQ
 0000:1758       _free
 0000:1758 idle  _farfree
 0000:1862       _malloc
 0000:186C idle  _farmalloc
 0000:19C9 idle  _realloc
 0000:19D0 idle  _farrealloc
 0000:1AC0       __brk
 0000:1AFF       __sbrk
 0000:1B8A       _gotoxy
 0000:1BD3       _gettext
 0000:1C29       _puttext
 0000:1C7F       _kbhit
 0000:1C91       _movetext
 0000:1D2E       __REALCVT
 0000:1E68       __SCREENIO
 0000:1EA4       __VALIDATEXY
 0000:1F1B       __SCROLL
 0000:2087       _setblock
 0000:20A3       __wherexy
 0000:20AD idle  _wherex
 0000:20BC idle  _wherey
 0000:20CF       _fflush
 0000:219C       _flushall
 0000:21DE       _fprintf
 0000:227C       _fseek
 0000:22FC idle  _ftell
 0000:23DC       _memcpy
 0000:2400       __fputc
 0000:241C       _fputc
 0000:25B1 idle  _fputchar
 0000:25C5       __FPUTN
 0000:27C8       _puts
 0000:2820       _setvbuf
 0000:297D       _sprintf
 0000:299F idle  _vsprintf
 0000:29C0       _strlen
 0000:29DF       ___write
 0000:2B30       __write
 0000:2B6C       __xfflush
 0000:4000 idle  FJARQQ
 0000:5C32  Abs  FIDRQQ
 0000:8000 idle  FJSRQQ
 0000:A23D  Abs  FIWRQQ
 0000:C000 idle  FJCRQQ
 0000:FE32 idle  FIARQQ
 02BA:0004       _main
 02BA:0085 idle  _Stat
 02BA:0246 idle  _Task
 02BA:02DF idle  _DispChar
 02BA:034C idle  _DispStr
 02F4:0000       _OSStartHighRdy
 02F4:001B       _OSCtxSw
 02F4:004B       _OSIntCtxSw
 02F4:007B       _OSTickISR
 02FD:0005       _OSTaskCreate
 0310:0001       _OSInit
 0310:0166       _OSStart
 0310:01C0       _OSSched
 0310:0222 idle  _OSSchedLock
 0310:0230 idle  _OSSchedUnlock
 0310:0258       _OSTCBInit
 0310:0388       _OSIntEnter
 0310:038F       _OSIntExit
 0310:03F2 idle  _OSTaskChangePrio
 0310:056F idle  _OSTaskDel
 0310:06F1 idle  _OSTaskDelReq
 0310:0751 idle  _OSTaskSuspend
 0310:07EA idle  _OSTaskResume
 0310:0852       _OSTimeDly
 0310:0898 idle  _OSTimeDlyResume
 0310:08FE       _OSTimeTick
 0310:0982 idle  _OSTimeSet
 0310:0996 idle  _OSTimeGet
 0310:09B4       _OSSemCreate
 0310:0A31 idle  _OSSemAccept
 0310:0A49       _OSSemPend
 0310:0B57       _OSSemPost
 0310:0C3C idle  _OSMboxCreate
 0310:0CBA idle  _OSMboxAccept
 0310:0CEB idle  _OSMboxPend
 0310:0E4F idle  _OSMboxPost
 0310:0F52 idle  _OSQCreate
 0310:1087 idle  _OSQAccept
 0310:1107 idle  _OSQPend
 0310:12D9 idle  _OSQPost
 0453:2152       e086_Entry
 0453:26E0       e086_Shortcut
 06CB:0306       e087_Entry
 06CB:03C6       e087_Shortcut
 06CB:0430       e087_Trap
 0728:0000 idle  DATASEG@
 0728:005B idle  __Int0Vector
 0728:005F idle  __Int4Vector
 0728:0063 idle  __Int5Vector
 0728:0067 idle  __Int6Vector
 0728:006B idle  __C0argc
 0728:006D idle  __C0argv
 0728:0071 idle  __C0environ
 0728:0075 idle  __envLng
 0728:0077 idle  __envseg
 0728:0079 idle  __envSize
 0728:007B       __psp
 0728:007D idle  __osversion
 0728:007D idle  __osmajor
 0728:007D       __version
 0728:007E idle  __osminor
 0728:007F       _errno
 0728:0081 idle  __StartTime
 0728:0085 idle  ___brklvl
 0728:0087       __heapbase
 0728:008B       __brklvl
 0728:008F       __heaptop
 0728:0118 idle  _OSMapTbl
 0728:0120 idle  _OSUnMapTbl
 0728:0220 idle  __8087
 0728:0230       __protected
 0728:0231       __LDT
 0728:0234       __default87
 0728:0350       __atexitcnt
 0728:0352       __exitbuf
 0728:0356 idle  __exitfopen
 0728:035A idle  __exitopen
 0728:035E       __streams
 0728:04EE       __nfile
 0728:04F0       __openfd
 0728:0518       __fpstklen
 0728:051A idle  __doserrno
 0728:051C idle  __dosErrorToSV
 0728:057A       __stklen
 0728:05E4       __video
 0728:05F3       _directvideo
 0728:0630 idle  __cFlag
 0728:0631 idle  __cChar
 0728:0638       __RealCvtVector
 0728:063C idle  __ScanTodVector
 0728:065A idle  _OldTickISR
 0728:065E idle  _OldBP
 0728:0660 idle  _OldSP
 0728:0662 idle  _RandomSem
 0728:0666 idle  _DispSem
 0728:066A idle  _StatData
 0728:066B idle  _TaskData
 0728:06A9 idle  _StatStk
 0728:09A9 idle  _TaskStk
 0728:D0A3       _OSTCBPrioTbl
 0728:D1A3       _OSTCBHighRdy
 0728:D1A7       _OSTCBCur
 0728:D1AB       _OSRunning
 0728:D1AC idle  _OSIntNesting
 0728:D1AD       _OSIdleCtr
 0728:D1B1       _OSCtxSwCtr
 0728:D1B4       __atexittbl
 0728:D234       ___SignalPtr
 144C:0000       __emu

Program entry point at 0000:0000

